// Jest Snapshot v1, https://goo.gl/fbAQLP

exports[`Paging component renders Paging 1`] = `
<section
  className="Paging"
>
  <button
    className="button"
    disabled={true}
    onClick={[Function]}
  >
    &lt;
  </button>
  <button
    className="button"
    disabled={false}
    onClick={[Function]}
  >
    &gt;
  </button>
</section>
`;
