// Jest Snapshot v1, https://goo.gl/fbAQLP

exports[`Lyrics matches a snapshot 1`] = `
<section
  className="Detail"
>
  <h3>
    Lyrics
  </h3>
  <p>
    Good time for a change See, the luck I've had Can make a good man Turn bad So please please please Let me, let me, let me Let me get what I want This time
  </p>
</section>
`;
