// Jest Snapshot v1, https://goo.gl/fbAQLP

exports[`Release matches a snapshot 1`] = `
<section
  className="Item"
>
  <tr>
    <th>
      Release
    </th>
    <td>
      Wonderful Town
    </td>
  </tr>
  <tr>
    <td>
      1953
    </td>
    <th>
      Date
    </th>
  </tr>
  <img
    alt="Default image"
  />
</section>
`;
