// Jest Snapshot v1, https://goo.gl/fbAQLP

exports[`ArtistFinder matches a snapshot 1`] = `
<Fragment>
  <ArtistFinder
    artists={
      Array [
        Object {
          "birth": "1934-09-21",
          "death": "1934-09-21",
          "id": "gh8932hg3gee",
          "name": "Leonard Cohen",
          "origin": "Canada",
        },
        Object {
          "birth": "1934-09-21",
          "death": "1934-09-21",
          "id": "6943w0utw0ghjvdr",
          "name": "Leonard Cohen",
          "origin": "Canada",
        },
        Object {
          "birth": "1934-09-21",
          "death": "1934-09-21",
          "id": "t430tu340grjid",
          "name": "Leonard Cohen",
          "origin": "Canada",
        },
      ]
    }
    page={1}
    setTotalPages={[Function]}
  />
  <Paging
    incrementPage={[Function]}
    page={1}
    totalPages={1}
  />
</Fragment>
`;
